cpu-bind=MASK - bp1-compute059, task  0  0 [2893689]: mask 0x3cf0003cf00 set

real	17m37.455s
user	110m41.821s
sys	0m17.510s

real	16m55.955s
user	107m13.128s
sys	0m17.868s

real	17m40.674s
user	103m42.290s
sys	0m15.232s

real	17m40.239s
user	104m11.337s
sys	0m15.733s

real	18m10.858s
user	107m4.003s
sys	0m13.081s

real	17m49.857s
user	105m15.612s
sys	0m13.204s

real	11m40.096s
user	67m21.954s
sys	0m12.779s

real	18m32.199s
user	119m8.498s
sys	0m18.166s

real	17m17.433s
user	108m23.988s
sys	0m17.585s

real	17m48.251s
user	103m58.341s
sys	0m13.040s

real	17m28.195s
user	101m38.517s
sys	0m13.190s

real	16m43.025s
user	105m8.454s
sys	0m17.355s

real	18m56.286s
user	108m23.861s
sys	0m17.529s

real	10m29.523s
user	67m4.114s
sys	0m13.871s

real	35m27.927s
user	234m39.682s
sys	0m17.234s

real	17m22.816s
user	113m32.646s
sys	0m18.068s

real	11m33.791s
user	67m18.630s
sys	0m12.909s

real	17m11.195s
user	113m18.244s
sys	0m18.159s

real	17m55.446s
user	113m39.475s
sys	0m18.806s

real	15m41.125s
user	102m48.687s
sys	0m19.331s

real	11m14.455s
user	71m57.038s
sys	0m18.639s

real	63m42.715s
user	429m36.098s
sys	0m28.432s

real	11m33.586s
user	67m12.793s
sys	0m16.762s

real	11m14.887s
user	67m54.237s
sys	0m16.843s

real	12m54.442s
user	74m52.673s
sys	0m16.178s

real	11m40.404s
user	66m26.501s
sys	0m15.989s

real	17m41.846s
user	109m16.770s
sys	0m12.600s

real	17m28.775s
user	116m5.968s
sys	0m12.331s

real	11m53.351s
user	72m39.012s
sys	0m15.988s

real	18m22.345s
user	109m42.200s
sys	0m16.585s

real	10m52.155s
user	65m15.461s
sys	0m16.157s

real	17m55.724s
user	107m16.483s
sys	0m16.874s

real	18m1.844s
user	107m0.541s
sys	0m16.790s

real	11m29.284s
user	67m16.615s
sys	0m14.459s

real	17m10.788s
user	107m29.474s
sys	0m16.853s

real	18m5.877s
user	107m10.418s
sys	0m12.652s

real	11m5.774s
user	65m23.711s
sys	0m16.056s

real	17m23.721s
user	104m14.973s
sys	0m16.826s

real	18m8.471s
user	109m14.735s
sys	0m12.731s

real	18m8.016s
user	107m52.434s
sys	0m14.892s

real	67m37.621s
user	422m22.317s
sys	0m17.706s

real	11m21.508s
user	66m32.402s
sys	0m16.051s

real	11m11.542s
user	65m28.977s
sys	0m15.673s

real	10m53.845s
user	68m35.713s
sys	0m12.058s

real	15m41.112s
user	99m46.279s
sys	0m16.293s

real	16m12.815s
user	107m9.590s
sys	0m11.902s

real	10m12.775s
user	64m51.773s
sys	0m13.987s

real	10m0.656s
user	65m22.508s
sys	0m16.382s

real	17m18.127s
user	107m37.902s
sys	0m17.379s

real	16m24.395s
user	104m25.322s
sys	0m15.996s

real	17m17.101s
user	109m2.564s
sys	0m15.840s

real	17m4.053s
user	106m9.726s
sys	0m14.197s

real	17m32.395s
user	109m25.995s
sys	0m14.198s

real	11m26.903s
user	68m14.325s
sys	0m15.018s

real	15m57.862s
user	96m34.517s
sys	0m13.485s

real	16m12.746s
user	101m53.876s
sys	0m16.167s

real	16m7.396s
user	101m46.575s
sys	0m15.756s

real	16m22.180s
user	102m58.155s
sys	0m15.509s

real	10m3.765s
user	66m21.973s
sys	0m11.544s

real	16m49.321s
user	108m26.723s
sys	0m11.366s

real	10m42.026s
user	64m14.366s
sys	0m14.506s

real	16m40.311s
user	103m52.056s
sys	0m15.511s

real	16m10.259s
user	102m49.369s
sys	0m11.461s

real	16m55.044s
user	106m30.864s
sys	0m12.188s

real	17m52.619s
user	111m42.234s
sys	0m15.590s

real	17m12.909s
user	106m49.036s
sys	0m15.608s

real	11m24.059s
user	68m26.586s
sys	0m13.661s

real	17m22.187s
user	107m5.510s
sys	0m14.836s

real	17m37.762s
user	109m26.773s
sys	0m15.923s

real	11m7.298s
user	67m38.164s
sys	0m14.298s

real	17m47.522s
user	111m10.285s
sys	0m15.845s

real	15m23.917s
user	99m28.543s
sys	0m11.857s

real	16m24.159s
user	105m17.619s
sys	0m13.873s

real	16m56.810s
user	106m56.330s
sys	0m16.042s

real	15m16.650s
user	101m15.574s
sys	0m11.743s

real	17m24.660s
user	104m40.042s
sys	0m16.489s

real	13m31.560s
user	88m53.941s
sys	0m11.720s

real	84m23.658s
user	562m0.912s
sys	0m12.681s

real	16m45.544s
user	108m45.298s
sys	0m16.487s

real	17m26.712s
user	111m31.176s
sys	0m11.884s

real	17m20.284s
user	105m51.919s
sys	0m16.885s
slurmstepd: error: *** JOB 15382112 ON bp1-compute059 CANCELLED AT 2026-01-30T12:56:52 DUE TO TIME LIMIT ***
